ARM Linker, 5.03 [Build 24] [MDK-ARM Lite]

==============================================================================

Section Cross References

    codefile.o(RESET) refers to codefile.o(mycode) for Reset_Handler
    codefile.o(mycode) refers to codefile.o(mydata) for Result


==============================================================================

Image Symbol Table

    Local Symbols

    Symbol Name                              Value     Ov Type        Size  Object(Section)

    RESET                                    0x00000000   Section        8  codefile.o(RESET)
    codeFile.asm                             0x00000000   Number         0  codefile.o ABSOLUTE
    mycode                                   0x00000008   Section       92  codefile.o(mycode)
    N1                                       0x00000038   Data          16  codefile.o(mycode)
    N2                                       0x00000048   Data          16  codefile.o(mycode)
    mydata                                   0x10000000   Section       16  codefile.o(mydata)
    Result                                   0x10000000   Data          16  codefile.o(mydata)

    Global Symbols

    Symbol Name                              Value     Ov Type        Size  Object(Section)

    BuildAttributes$$THM_ISAv4$P$D$K$B$S$PE$A:L22UL41UL21$X:L11$S22US41US21$IEEE1$IW$USESV6$~STKCKD$USESV7$~SHL$OSPACE$EBA8$STANDARDLIB$PRES8$EABIv2 0x00000000   Number         0  anon$$obj.o ABSOLUTE
    __Vectors                                0x00000000   Data           0  codefile.o(RESET)
    Reset_Handler                            0x00000009   Thumb Code     0  codefile.o(mycode)



==============================================================================

Memory Map of the image

  Image Entry point : 0x00000009

  Load Region LR_1 (Base: 0x00000000, Size: 0x00000074, Max: 0xffffffff, ABSOLUTE)

    Execution Region ER_RO (Base: 0x00000000, Size: 0x00000064, Max: 0xffffffff, ABSOLUTE)

    Base Addr    Size         Type   Attr      Idx    E Section Name        Object

    0x00000000   0x00000008   Data   RO            1    RESET               codefile.o
    0x00000008   0x0000005c   Code   RO            2  * mycode              codefile.o


    Execution Region ER_RW (Base: 0x10000000, Size: 0x00000010, Max: 0xffffffff, ABSOLUTE)

    Base Addr    Size         Type   Attr      Idx    E Section Name        Object

    0x10000000   0x00000010   Data   RW            3    mydata              codefile.o


    Execution Region ER_ZI (Base: 0x10000010, Size: 0x00000000, Max: 0xffffffff, ABSOLUTE)

    **** No section assigned to this execution region ****


==============================================================================

Image component sizes


      Code (inc. data)   RO Data    RW Data    ZI Data      Debug   Object Name

        92         46          8         16          0        212   codefile.o

    ----------------------------------------------------------------------
        92         46          8         16          0        212   Object Totals
         0          0          0          0          0          0   (incl. Generated)
         0          0          0          0          0          0   (incl. Padding)

    ----------------------------------------------------------------------
         0          0          0          0          0          0   Library Totals
         0          0          0          0          0          0   (incl. Padding)

    ----------------------------------------------------------------------

==============================================================================


      Code (inc. data)   RO Data    RW Data    ZI Data      Debug   

        92         46          8         16          0        212   Grand Totals
        92         46          8         16          0        212   ELF Image Totals
        92         46          8         16          0          0   ROM Totals

==============================================================================

    Total RO  Size (Code + RO Data)                  100 (   0.10kB)
    Total RW  Size (RW Data + ZI Data)                16 (   0.02kB)
    Total ROM Size (Code + RO Data + RW Data)        116 (   0.11kB)

==============================================================================

